Archive member included to satisfy reference by file (symbol)

c:/progra~2/gnuarm~1/102021~1.10/bin/../lib/gcc/arm-none-eabi/10.3.1/../../../../arm-none-eabi/lib/thumb/v7-m/nofp\libg.a(lib_a-errno.o)
                              CMakeFiles/balanceCar.elf.dir/Core/Src/syscalls.c.obj (__errno)
c:/progra~2/gnuarm~1/102021~1.10/bin/../lib/gcc/arm-none-eabi/10.3.1/../../../../arm-none-eabi/lib/thumb/v7-m/nofp\libg.a(lib_a-exit.o)
                              c:/progra~2/gnuarm~1/102021~1.10/bin/../lib/gcc/arm-none-eabi/10.3.1/../../../../arm-none-eabi/lib/thumb/v7-m/nofp/crt0.o (exit)
c:/progra~2/gnuarm~1/102021~1.10/bin/../lib/gcc/arm-none-eabi/10.3.1/../../../../arm-none-eabi/lib/thumb/v7-m/nofp\libg.a(lib_a-impure.o)
                              c:/progra~2/gnuarm~1/102021~1.10/bin/../lib/gcc/arm-none-eabi/10.3.1/../../../../arm-none-eabi/lib/thumb/v7-m/nofp\libg.a(lib_a-exit.o) (_global_impure_ptr)
c:/progra~2/gnuarm~1/102021~1.10/bin/../lib/gcc/arm-none-eabi/10.3.1/../../../../arm-none-eabi/lib/thumb/v7-m/nofp\libg.a(lib_a-init.o)
                              c:/progra~2/gnuarm~1/102021~1.10/bin/../lib/gcc/arm-none-eabi/10.3.1/../../../../arm-none-eabi/lib/thumb/v7-m/nofp/crt0.o (__libc_init_array)
c:/progra~2/gnuarm~1/102021~1.10/bin/../lib/gcc/arm-none-eabi/10.3.1/../../../../arm-none-eabi/lib/thumb/v7-m/nofp\libg.a(lib_a-memset.o)
                              c:/progra~2/gnuarm~1/102021~1.10/bin/../lib/gcc/arm-none-eabi/10.3.1/../../../../arm-none-eabi/lib/thumb/v7-m/nofp/crt0.o (memset)
c:/progra~2/gnuarm~1/102021~1.10/bin/../lib/gcc/arm-none-eabi/10.3.1/../../../../arm-none-eabi/lib/thumb/v7-m/nofp\libg.a(lib_a-strlen-stub.o)
                              CMakeFiles/balanceCar.elf.dir/Core/Src/main.c.obj (strlen)
c:/progra~2/gnuarm~1/102021~1.10/bin/../lib/gcc/arm-none-eabi/10.3.1/../../../../arm-none-eabi/lib/thumb/v7-m/nofp\libg.a(lib_a-__call_atexit.o)
                              c:/progra~2/gnuarm~1/102021~1.10/bin/../lib/gcc/arm-none-eabi/10.3.1/../../../../arm-none-eabi/lib/thumb/v7-m/nofp\libg.a(lib_a-exit.o) (__call_exitprocs)
c:/progra~2/gnuarm~1/102021~1.10/bin/../lib/gcc/arm-none-eabi/10.3.1/../../../../arm-none-eabi/lib/thumb/v7-m/nofp\libg.a(lib_a-atexit.o)
                              c:/progra~2/gnuarm~1/102021~1.10/bin/../lib/gcc/arm-none-eabi/10.3.1/../../../../arm-none-eabi/lib/thumb/v7-m/nofp\libg.a(lib_a-__call_atexit.o) (atexit)
c:/progra~2/gnuarm~1/102021~1.10/bin/../lib/gcc/arm-none-eabi/10.3.1/../../../../arm-none-eabi/lib/thumb/v7-m/nofp\libg.a(lib_a-fini.o)
                              c:/progra~2/gnuarm~1/102021~1.10/bin/../lib/gcc/arm-none-eabi/10.3.1/../../../../arm-none-eabi/lib/thumb/v7-m/nofp\libg.a(lib_a-__call_atexit.o) (__libc_fini_array)
c:/progra~2/gnuarm~1/102021~1.10/bin/../lib/gcc/arm-none-eabi/10.3.1/../../../../arm-none-eabi/lib/thumb/v7-m/nofp\libg.a(lib_a-lock.o)
                              c:/progra~2/gnuarm~1/102021~1.10/bin/../lib/gcc/arm-none-eabi/10.3.1/../../../../arm-none-eabi/lib/thumb/v7-m/nofp\libg.a(lib_a-__call_atexit.o) (__retarget_lock_acquire_recursive)
c:/progra~2/gnuarm~1/102021~1.10/bin/../lib/gcc/arm-none-eabi/10.3.1/../../../../arm-none-eabi/lib/thumb/v7-m/nofp\libg.a(lib_a-__atexit.o)
                              c:/progra~2/gnuarm~1/102021~1.10/bin/../lib/gcc/arm-none-eabi/10.3.1/../../../../arm-none-eabi/lib/thumb/v7-m/nofp\libg.a(lib_a-atexit.o) (__register_exitproc)

Discarded input sections

 .text          0x00000000        0x0 c:/progra~2/gnuarm~1/102021~1.10/bin/../lib/gcc/arm-none-eabi/10.3.1/thumb/v7-m/nofp/crti.o
 .data          0x00000000        0x0 c:/progra~2/gnuarm~1/102021~1.10/bin/../lib/gcc/arm-none-eabi/10.3.1/thumb/v7-m/nofp/crti.o
 .bss           0x00000000        0x0 c:/progra~2/gnuarm~1/102021~1.10/bin/../lib/gcc/arm-none-eabi/10.3.1/thumb/v7-m/nofp/crti.o
 .data          0x00000000        0x4 c:/progra~2/gnuarm~1/102021~1.10/bin/../lib/gcc/arm-none-eabi/10.3.1/thumb/v7-m/nofp/crtbegin.o
 .rodata        0x00000000       0x24 c:/progra~2/gnuarm~1/102021~1.10/bin/../lib/gcc/arm-none-eabi/10.3.1/thumb/v7-m/nofp/crtbegin.o
 .text          0x00000000       0x7c c:/progra~2/gnuarm~1/102021~1.10/bin/../lib/gcc/arm-none-eabi/10.3.1/../../../../arm-none-eabi/lib/thumb/v7-m/nofp/crt0.o
 .data          0x00000000        0x0 c:/progra~2/gnuarm~1/102021~1.10/bin/../lib/gcc/arm-none-eabi/10.3.1/../../../../arm-none-eabi/lib/thumb/v7-m/nofp/crt0.o
 .bss           0x00000000        0x0 c:/progra~2/gnuarm~1/102021~1.10/bin/../lib/gcc/arm-none-eabi/10.3.1/../../../../arm-none-eabi/lib/thumb/v7-m/nofp/crt0.o
 .ARM.extab     0x00000000        0x0 c:/progra~2/gnuarm~1/102021~1.10/bin/../lib/gcc/arm-none-eabi/10.3.1/../../../../arm-none-eabi/lib/thumb/v7-m/nofp/crt0.o
 .ARM.exidx     0x00000000       0x10 c:/progra~2/gnuarm~1/102021~1.10/bin/../lib/gcc/arm-none-eabi/10.3.1/../../../../arm-none-eabi/lib/thumb/v7-m/nofp/crt0.o
 .ARM.attributes
[...]
Memory Configuration

Name             Origin             Length             Attributes
RAM              0x20000000         0x00005000         xrw
FLASH            0x08000000         0x00010000         xr
*default*        0x00000000         0xffffffff

Linker script and memory map

LOAD c:/progra~2/gnuarm~1/102021~1.10/bin/../lib/gcc/arm-none-eabi/10.3.1/thumb/v7-m/nofp/crti.o
LOAD c:/progra~2/gnuarm~1/102021~1.10/bin/../lib/gcc/arm-none-eabi/10.3.1/thumb/v7-m/nofp/crtbegin.o
LOAD c:/progra~2/gnuarm~1/102021~1.10/bin/../lib/gcc/arm-none-eabi/10.3.1/../../../../arm-none-eabi/lib/thumb/v7-m/nofp/crt0.o
LOAD CMakeFiles/balanceCar.elf.dir/Core/Src/adc.c.obj
LOAD CMakeFiles/balanceCar.elf.dir/Core/Src/delay.c.obj
LOAD CMakeFiles/balanceCar.elf.dir/Core/Src/dma.c.obj
LOAD CMakeFiles/balanceCar.elf.dir/Core/Src/gpio.c.obj
LOAD CMakeFiles/balanceCar.elf.dir/Core/Src/main.c.obj
LOAD CMakeFiles/balanceCar.elf.dir/Core/Src/stm32f1xx_hal_msp.c.obj
LOAD CMakeFiles/balanceCar.elf.dir/Core/Src/stm32f1xx_it.c.obj
LOAD CMakeFiles/balanceCar.elf.dir/Core/Src/syscalls.c.obj
LOAD CMakeFiles/balanceCar.elf.dir/Core/Src/sysmem.c.obj
LOAD CMakeFiles/balanceCar.elf.dir/Core/Src/system_stm32f1xx.c.obj
LOAD CMakeFiles/balanceCar.elf.dir/Core/Src/tim.c.obj
LOAD CMakeFiles/balanceCar.elf.dir/Core/Src/ultrasonicWave.c.obj
LOAD CMakeFiles/balanceCar.elf.dir/Core/Src/usart.c.obj
LOAD CMakeFiles/balanceCar.elf.dir/Core/Startup/startup_stm32f103c8tx.s.obj
LOAD CMakeFiles/balanceCar.elf.dir/Drivers/STM32F1xx_HAL_Driver/Src/stm32f1xx_hal.c.obj
LOAD CMakeFiles/balanceCar.elf.dir/Drivers/STM32F1xx_HAL_Driver/Src/stm32f1xx_hal_adc.c.obj
LOAD CMakeFiles/balanceCar.elf.dir/Drivers/STM32F1xx_HAL_Driver/Src/stm32f1xx_hal_adc_ex.c.obj
LOAD CMakeFiles/balanceCar.elf.dir/Drivers/STM32F1xx_HAL_Driver/Src/stm32f1xx_hal_cortex.c.obj
LOAD CMakeFiles/balanceCar.elf.dir/Drivers/STM32F1xx_HAL_Driver/Src/stm32f1xx_hal_dma.c.obj
LOAD CMakeFiles/balanceCar.elf.dir/Drivers/STM32F1xx_HAL_Driver/Src/stm32f1xx_hal_exti.c.obj
LOAD CMakeFiles/balanceCar.elf.dir/Drivers/STM32F1xx_HAL_Driver/Src/stm32f1xx_hal_flash.c.obj
LOAD CMakeFiles/balanceCar.elf.dir/Drivers/STM32F1xx_HAL_Driver/Src/stm32f1xx_hal_flash_ex.c.obj
LOAD CMakeFiles/balanceCar.elf.dir/Drivers/STM32F1xx_HAL_Driver/Src/stm32f1xx_hal_gpio.c.obj
LOAD CMakeFiles/balanceCar.elf.dir/Drivers/STM32F1xx_HAL_Driver/Src/stm32f1xx_hal_gpio_ex.c.obj
LOAD CMakeFiles/balanceCar.elf.dir/Drivers/STM32F1xx_HAL_Driver/Src/stm32f1xx_hal_pwr.c.obj
LOAD CMakeFiles/balanceCar.elf.dir/Drivers/STM32F1xx_HAL_Driver/Src/stm32f1xx_hal_rcc.c.obj
LOAD CMakeFiles/balanceCar.elf.dir/Drivers/STM32F1xx_HAL_Driver/Src/stm32f1xx_hal_rcc_ex.c.obj
LOAD CMakeFiles/balanceCar.elf.dir/Drivers/STM32F1xx_HAL_Driver/Src/stm32f1xx_hal_tim.c.obj
LOAD CMakeFiles/balanceCar.elf.dir/Drivers/STM32F1xx_HAL_Driver/Src/stm32f1xx_hal_tim_ex.c.obj
LOAD CMakeFiles/balanceCar.elf.dir/Drivers/STM32F1xx_HAL_Driver/Src/stm32f1xx_hal_uart.c.obj
START GROUP
LOAD c:/progra~2/gnuarm~1/102021~1.10/bin/../lib/gcc/arm-none-eabi/10.3.1/thumb/v7-m/nofp\libgcc.a
LOAD c:/progra~2/gnuarm~1/102021~1.10/bin/../lib/gcc/arm-none-eabi/10.3.1/../../../../arm-none-eabi/lib/thumb/v7-m/nofp\libg.a
LOAD c:/progra~2/gnuarm~1/102021~1.10/bin/../lib/gcc/arm-none-eabi/10.3.1/../../../../arm-none-eabi/lib/thumb/v7-m/nofp\libc.a
END GROUP
LOAD c:/progra~2/gnuarm~1/102021~1.10/bin/../lib/gcc/arm-none-eabi/10.3.1/thumb/v7-m/nofp/crtend.o
LOAD c:/progra~2/gnuarm~1/102021~1.10/bin/../lib/gcc/arm-none-eabi/10.3.1/thumb/v7-m/nofp/crtn.o
                0x20005000                _estack = (ORIGIN (RAM) + LENGTH (RAM))
                0x00000200                _Min_Heap_Size = 0x200
                0x00000400                _Min_Stack_Size = 0x400

.isr_vector     0x08000000      0x10c
                0x08000000                . = ALIGN (0x4)
 *(.isr_vector)
 .isr_vector    0x08000000      0x10c CMakeFiles/balanceCar.elf.dir/Core/Startup/startup_stm32f103c8tx.s.obj
                0x08000000                g_pfnVectors
                0x0800010c                . = ALIGN (0x4)

.text           0x0800010c     0x23d0
                0x0800010c                . = ALIGN (0x4)
 *(.text)
 .text          0x0800010c       0x40 c:/progra~2/gnuarm~1/102021~1.10/bin/../lib/gcc/arm-none-eabi/10.3.1/thumb/v7-m/nofp/crtbegin.o
 *(.text*)
 .text.MX_ADC1_Init
                0x0800014c       0x5c CMakeFiles/balanceCar.elf.dir/Core/Src/adc.c.obj
                0x0800014c                MX_ADC1_Init
 .text.HAL_ADC_MspInit
                0x080001a8       0x9c CMakeFiles/balanceCar.elf.dir/Core/Src/adc.c.obj
                0x080001a8                HAL_ADC_MspInit
 .text.MX_DMA_Init
                0x08000244       0x34 CMakeFiles/balanceCar.elf.dir/Core/Src/dma.c.obj
                0x08000244                MX_DMA_Init
 .text.MX_GPIO_Init
                0x08000278       0x98 CMakeFiles/balanceCar.elf.dir/Core/Src/gpio.c.obj
                0x08000278                MX_GPIO_Init
 .text.HAL_GPIO_EXTI_Callback
                0x08000310        0x2 CMakeFiles/balanceCar.elf.dir/Core/Src/main.c.obj
                0x08000310                HAL_GPIO_EXTI_Callback
 .text.Error_Handler
                0x08000312        0x4 CMakeFiles/balanceCar.elf.dir/Core/Src/main.c.obj
                0x08000312                Error_Handler
 .text.SystemClock_Config
                0x08000316       0x84 CMakeFiles/balanceCar.elf.dir/Core/Src/main.c.obj
                0x08000316                SystemClock_Config
 *fill*         0x0800039a        0x2 
 .text.main     0x0800039c       0x7c CMakeFiles/balanceCar.elf.dir/Core/Src/main.c.obj
                0x0800039c                main
 .text.HAL_MspInit
                0x08000418       0x44 CMakeFiles/balanceCar.elf.dir/Core/Src/stm32f1xx_hal_msp.c.obj
                0x08000418                HAL_MspInit
 .text.NMI_Handler
                0x0800045c        0x2 CMakeFiles/balanceCar.elf.dir/Core/Src/stm32f1xx_it.c.obj
                0x0800045c                NMI_Handler
 .text.HardFault_Handler
                0x0800045e        0x2 CMakeFiles/balanceCar.elf.dir/Core/Src/stm32f1xx_it.c.obj
                0x0800045e                HardFault_Handler
 .text.MemManage_Handler
                0x08000460        0x2 CMakeFiles/balanceCar.elf.dir/Core/Src/stm32f1xx_it.c.obj
                0x08000460                MemManage_Handler
 .text.BusFault_Handler
                0x08000462        0x2 CMakeFiles/balanceCar.elf.dir/Core/Src/stm32f1xx_it.c.obj
                0x08000462                BusFault_Handler
 .text.UsageFault_Handler
                0x08000464        0x2 CMakeFiles/balanceCar.elf.dir/Core/Src/stm32f1xx_it.c.obj
                0x08000464                UsageFault_Handler
 .text.SVC_Handler
                0x08000466        0x2 CMakeFiles/balanceCar.elf.dir/Core/Src/stm32f1xx_it.c.obj
                0x08000466                SVC_Handler
 .text.DebugMon_Handler
                0x08000468        0x2 CMakeFiles/balanceCar.elf.dir/Core/Src/stm32f1xx_it.c.obj
                0x08000468                DebugMon_Handler
 .text.PendSV_Handler
                0x0800046a        0x2 CMakeFiles/balanceCar.elf.dir/Core/Src/stm32f1xx_it.c.obj
                0x0800046a                PendSV_Handler
 .text.SysTick_Handler
                0x0800046c        0x8 CMakeFiles/balanceCar.elf.dir/Core/Src/stm32f1xx_it.c.obj
                0x0800046c                SysTick_Handler
 .text.EXTI1_IRQHandler
                0x08000474        0xa CMakeFiles/balanceCar.elf.dir/Core/Src/stm32f1xx_it.c.obj
                0x08000474                EXTI1_IRQHandler
 *fill*         0x0800047e        0x2 
 .text.DMA1_Channel1_IRQHandler
                0x08000480       0x10 CMakeFiles/balanceCar.elf.dir/Core/Src/stm32f1xx_it.c.obj
                0x08000480                DMA1_Channel1_IRQHandler
 .text.TIM1_UP_IRQHandler
                0x08000490       0x10 CMakeFiles/balanceCar.elf.dir/Core/Src/stm32f1xx_it.c.obj
                0x08000490                TIM1_UP_IRQHandler
 .text.TIM1_TRG_COM_IRQHandler
                0x080004a0       0x10 CMakeFiles/balanceCar.elf.dir/Core/Src/stm32f1xx_it.c.obj
                0x080004a0                TIM1_TRG_COM_IRQHandler
 .text.USART1_IRQHandler
                0x080004b0       0x18 CMakeFiles/balanceCar.elf.dir/Core/Src/stm32f1xx_it.c.obj
                0x080004b0                USART1_IRQHandler
 .text.SystemInit
                0x080004c8        0x2 CMakeFiles/balanceCar.elf.dir/Core/Src/system_stm32f1xx.c.obj
                0x080004c8                SystemInit
 *fill*         0x080004ca        0x2 
 .text.MX_TIM1_Init
                0x080004cc       0x74 CMakeFiles/balanceCar.elf.dir/Core/Src/tim.c.obj
                0x080004cc                MX_TIM1_Init
 .text.HAL_TIM_Base_MspInit
                0x08000540       0x50 CMakeFiles/balanceCar.elf.dir/Core/Src/tim.c.obj
                0x08000540                HAL_TIM_Base_MspInit
 .text.MX_USART1_UART_Init
                0x08000590       0x34 CMakeFiles/balanceCar.elf.dir/Core/Src/usart.c.obj
                0x08000590                MX_USART1_UART_Init
 .text.MX_USART2_UART_Init
                0x080005c4       0x34 CMakeFiles/balanceCar.elf.dir/Core/Src/usart.c.obj
                0x080005c4                MX_USART2_UART_Init
 .text.HAL_UART_MspInit
                0x080005f8       0xe4 CMakeFiles/balanceCar.elf.dir/Core/Src/usart.c.obj
                0x080005f8                HAL_UART_MspInit
 .text.HAL_UART_RxCpltCallback
                0x080006dc       0x40 CMakeFiles/balanceCar.elf.dir/Core/Src/usart.c.obj
                0x080006dc                HAL_UART_RxCpltCallback
 .text.on_UART_IDLE
                0x0800071c       0x54 CMakeFiles/balanceCar.elf.dir/Core/Src/usart.c.obj
                0x0800071c                on_UART_IDLE
 .text.Reset_Handler
                0x08000770       0x48 CMakeFiles/balanceCar.elf.dir/Core/Startup/startup_stm32f103c8tx.s.obj
                0x08000770                Reset_Handler
 .text.Default_Handler
                0x080007b8        0x2 CMakeFiles/balanceCar.elf.dir/Core/Startup/startup_stm32f103c8tx.s.obj
                0x080007b8                RTC_Alarm_IRQHandler
                0x080007b8                EXTI2_IRQHandler
                0x080007b8                TIM1_CC_IRQHandler
                0x080007b8                PVD_IRQHandler
                0x080007b8                EXTI3_IRQHandler
                0x080007b8                EXTI0_IRQHandler
                0x080007b8                I2C2_EV_IRQHandler
                0x080007b8                ADC1_2_IRQHandler
                0x080007b8                SPI1_IRQHandler
                0x080007b8                TAMPER_IRQHandler
                0x080007b8                DMA1_Channel4_IRQHandler
                0x080007b8                USART3_IRQHandler
                0x080007b8                RTC_IRQHandler
                0x080007b8                DMA1_Channel7_IRQHandler
                0x080007b8                CAN1_RX1_IRQHandler
                0x080007b8                TIM4_IRQHandler
                0x080007b8                I2C1_EV_IRQHandler
                0x080007b8                DMA1_Channel6_IRQHandler
                0x080007b8                TIM3_IRQHandler
                0x080007b8                RCC_IRQHandler
                0x080007b8                Default_Handler
                0x080007b8                EXTI15_10_IRQHandler
                0x080007b8                EXTI9_5_IRQHandler
                0x080007b8                SPI2_IRQHandler
                0x080007b8                DMA1_Channel5_IRQHandler
                0x080007b8                EXTI4_IRQHandler
                0x080007b8                USB_LP_CAN1_RX0_IRQHandler
                0x080007b8                USB_HP_CAN1_TX_IRQHandler
                0x080007b8                DMA1_Channel3_IRQHandler
                0x080007b8                WWDG_IRQHandler
                0x080007b8                TIM2_IRQHandler
                0x080007b8                TIM1_BRK_IRQHandler
                0x080007b8                USART2_IRQHandler
                0x080007b8                I2C2_ER_IRQHandler
                0x080007b8                DMA1_Channel2_IRQHandler
                0x080007b8                CAN1_SCE_IRQHandler
                0x080007b8                FLASH_IRQHandler
                0x080007b8                I2C1_ER_IRQHandler
                0x080007b8                USBWakeUp_IRQHandler
 *fill*         0x080007ba        0x2 
 .text.HAL_InitTick
                0x080007bc       0x4c CMakeFiles/balanceCar.elf.dir/Drivers/STM32F1xx_HAL_Driver/Src/stm32f1xx_hal.c.obj
                0x080007bc                HAL_InitTick
 .text.HAL_Init
                0x08000808       0x24 CMakeFiles/balanceCar.elf.dir/Drivers/STM32F1xx_HAL_Driver/Src/stm32f1xx_hal.c.obj
                0x08000808                HAL_Init
 .text.HAL_IncTick
                0x0800082c       0x18 CMakeFiles/balanceCar.elf.dir/Drivers/STM32F1xx_HAL_Driver/Src/stm32f1xx_hal.c.obj
                0x0800082c                HAL_IncTick
 .text.HAL_GetTick
                0x08000844        0xc CMakeFiles/balanceCar.elf.dir/Drivers/STM32F1xx_HAL_Driver/Src/stm32f1xx_hal.c.obj
                0x08000844                HAL_GetTick
 .text.HAL_Delay
                0x08000850       0x28 CMakeFiles/balanceCar.elf.dir/Drivers/STM32F1xx_HAL_Driver/Src/stm32f1xx_hal.c.obj
                0x08000850                HAL_Delay
 .text.HAL_ADC_ConfigChannel
                0x08000878      0x144 CMakeFiles/balanceCar.elf.dir/Drivers/STM32F1xx_HAL_Driver/Src/stm32f1xx_hal_adc.c.obj
                0x08000878                HAL_ADC_ConfigChannel
 .text.ADC_ConversionStop_Disable
                0x080009bc       0x56 CMakeFiles/balanceCar.elf.dir/Drivers/STM32F1xx_HAL_Driver/Src/stm32f1xx_hal_adc.c.obj
                0x080009bc                ADC_ConversionStop_Disable
 *fill*         0x08000a12        0x2 
 .text.HAL_ADC_Init
                0x08000a14      0x108 CMakeFiles/balanceCar.elf.dir/Drivers/STM32F1xx_HAL_Driver/Src/stm32f1xx_hal_adc.c.obj
                0x08000a14                HAL_ADC_Init
 .text.HAL_NVIC_SetPriorityGrouping
                0x08000b1c       0x24 CMakeFiles/balanceCar.elf.dir/Drivers/STM32F1xx_HAL_Driver/Src/stm32f1xx_hal_cortex.c.obj
                0x08000b1c                HAL_NVIC_SetPriorityGrouping
 .text.HAL_NVIC_SetPriority
                0x08000b40       0x70 CMakeFiles/balanceCar.elf.dir/Drivers/STM32F1xx_HAL_Driver/Src/stm32f1xx_hal_cortex.c.obj
                0x08000b40                HAL_NVIC_SetPriority
 .text.HAL_NVIC_EnableIRQ
                0x08000bb0       0x1c CMakeFiles/balanceCar.elf.dir/Drivers/STM32F1xx_HAL_Driver/Src/stm32f1xx_hal_cortex.c.obj
                0x08000bb0                HAL_NVIC_EnableIRQ
 .text.HAL_SYSTICK_Config
                0x08000bcc       0x28 CMakeFiles/balanceCar.elf.dir/Drivers/STM32F1xx_HAL_Driver/Src/stm32f1xx_hal_cortex.c.obj
                0x08000bcc                HAL_SYSTICK_Config
 .text.HAL_DMA_Init
                0x08000bf4       0x6c CMakeFiles/balanceCar.elf.dir/Drivers/STM32F1xx_HAL_Driver/Src/stm32f1xx_hal_dma.c.obj
                0x08000bf4                HAL_DMA_Init
 .text.HAL_DMA_Abort
                0x08000c60       0x44 CMakeFiles/balanceCar.elf.dir/Drivers/STM32F1xx_HAL_Driver/Src/stm32f1xx_hal_dma.c.obj
                0x08000c60                HAL_DMA_Abort
 .text.HAL_DMA_Abort_IT
                0x08000ca4       0x98 CMakeFiles/balanceCar.elf.dir/Drivers/STM32F1xx_HAL_Driver/Src/stm32f1xx_hal_dma.c.obj
                0x08000ca4                HAL_DMA_Abort_IT
 .text.HAL_DMA_IRQHandler
                0x08000d3c      0x144 CMakeFiles/balanceCar.elf.dir/Drivers/STM32F1xx_HAL_Driver/Src/stm32f1xx_hal_dma.c.obj
                0x08000d3c                HAL_DMA_IRQHandler
 .text.HAL_GPIO_Init
                0x08000e80      0x224 CMakeFiles/balanceCar.elf.dir/Drivers/STM32F1xx_HAL_Driver/Src/stm32f1xx_hal_gpio.c.obj
                0x08000e80                HAL_GPIO_Init
 .text.HAL_GPIO_WritePin
                0x080010a4        0xc CMakeFiles/balanceCar.elf.dir/Drivers/STM32F1xx_HAL_Driver/Src/stm32f1xx_hal_gpio.c.obj
                0x080010a4                HAL_GPIO_WritePin
 .text.HAL_GPIO_EXTI_IRQHandler
                0x080010b0       0x1c CMakeFiles/balanceCar.elf.dir/Drivers/STM32F1xx_HAL_Driver/Src/stm32f1xx_hal_gpio.c.obj
                0x080010b0                HAL_GPIO_EXTI_IRQHandler
 .text.RCC_Delay
                0x080010cc       0x2c CMakeFiles/balanceCar.elf.dir/Drivers/STM32F1xx_HAL_Driver/Src/stm32f1xx_hal_rcc.c.obj
 .text.HAL_RCC_OscConfig
                0x080010f8      0x410 CMakeFiles/balanceCar.elf.dir/Drivers/STM32F1xx_HAL_Driver/Src/stm32f1xx_hal_rcc.c.obj
                0x080010f8                HAL_RCC_OscConfig
 .text.HAL_RCC_GetSysClockFreq
                0x08001508       0x70 CMakeFiles/balanceCar.elf.dir/Drivers/STM32F1xx_HAL_Driver/Src/stm32f1xx_hal_rcc.c.obj
                0x08001508                HAL_RCC_GetSysClockFreq
 .text.HAL_RCC_ClockConfig
                0x08001578      0x16c CMakeFiles/balanceCar.elf.dir/Drivers/STM32F1xx_HAL_Driver/Src/stm32f1xx_hal_rcc.c.obj
                0x08001578                HAL_RCC_ClockConfig
 .text.HAL_RCC_GetHCLKFreq
                0x080016e4        0xc CMakeFiles/balanceCar.elf.dir/Drivers/STM32F1xx_HAL_Driver/Src/stm32f1xx_hal_rcc.c.obj
                0x080016e4                HAL_RCC_GetHCLKFreq
 .text.HAL_RCC_GetPCLK1Freq
                0x080016f0       0x20 CMakeFiles/balanceCar.elf.dir/Drivers/STM32F1xx_HAL_Driver/Src/stm32f1xx_hal_rcc.c.obj
                0x080016f0                HAL_RCC_GetPCLK1Freq
 .text.HAL_RCC_GetPCLK2Freq
                0x08001710       0x20 CMakeFiles/balanceCar.elf.dir/Drivers/STM32F1xx_HAL_Driver/Src/stm32f1xx_hal_rcc.c.obj
                0x08001710                HAL_RCC_GetPCLK2Freq
 .text.HAL_RCCEx_PeriphCLKConfig
                0x08001730      0x118 CMakeFiles/balanceCar.elf.dir/Drivers/STM32F1xx_HAL_Driver/Src/stm32f1xx_hal_rcc_ex.c.obj
                0x08001730                HAL_RCCEx_PeriphCLKConfig
 .text.TIM_TI1_ConfigInputStage
                0x08001848       0x24 CMakeFiles/balanceCar.elf.dir/Drivers/STM32F1xx_HAL_Driver/Src/stm32f1xx_hal_tim.c.obj
 .text.TIM_TI2_ConfigInputStage
                0x0800186c       0x26 CMakeFiles/balanceCar.elf.dir/Drivers/STM32F1xx_HAL_Driver/Src/stm32f1xx_hal_tim.c.obj
 .text.TIM_ITRx_SetConfig
                0x08001892       0x10 CMakeFiles/balanceCar.elf.dir/Drivers/STM32F1xx_HAL_Driver/Src/stm32f1xx_hal_tim.c.obj
 .text.HAL_TIM_PeriodElapsedCallback
                0x080018a2        0x2 CMakeFiles/balanceCar.elf.dir/Drivers/STM32F1xx_HAL_Driver/Src/stm32f1xx_hal_tim.c.obj
                0x080018a2                HAL_TIM_PeriodElapsedCallback
 .text.HAL_TIM_OC_DelayElapsedCallback
                0x080018a4        0x2 CMakeFiles/balanceCar.elf.dir/Drivers/STM32F1xx_HAL_Driver/Src/stm32f1xx_hal_tim.c.obj
                0x080018a4                HAL_TIM_OC_DelayElapsedCallback
 .text.HAL_TIM_IC_CaptureCallback
                0x080018a6        0x2 CMakeFiles/balanceCar.elf.dir/Drivers/STM32F1xx_HAL_Driver/Src/stm32f1xx_hal_tim.c.obj
                0x080018a6                HAL_TIM_IC_CaptureCallback
 .text.HAL_TIM_PWM_PulseFinishedCallback
                0x080018a8        0x2 CMakeFiles/balanceCar.elf.dir/Drivers/STM32F1xx_HAL_Driver/Src/stm32f1xx_hal_tim.c.obj
                0x080018a8                HAL_TIM_PWM_PulseFinishedCallback
 .text.HAL_TIM_TriggerCallback
                0x080018aa        0x2 CMakeFiles/balanceCar.elf.dir/Drivers/STM32F1xx_HAL_Driver/Src/stm32f1xx_hal_tim.c.obj
                0x080018aa                HAL_TIM_TriggerCallback
 .text.HAL_TIM_IRQHandler
                0x080018ac      0x17a CMakeFiles/balanceCar.elf.dir/Drivers/STM32F1xx_HAL_Driver/Src/stm32f1xx_hal_tim.c.obj
                0x080018ac                HAL_TIM_IRQHandler
 *fill*         0x08001a26        0x2 
 .text.TIM_Base_SetConfig
                0x08001a28       0x74 CMakeFiles/balanceCar.elf.dir/Drivers/STM32F1xx_HAL_Driver/Src/stm32f1xx_hal_tim.c.obj
                0x08001a28                TIM_Base_SetConfig
 .text.HAL_TIM_Base_Init
                0x08001a9c       0x58 CMakeFiles/balanceCar.elf.dir/Drivers/STM32F1xx_HAL_Driver/Src/stm32f1xx_hal_tim.c.obj
                0x08001a9c                HAL_TIM_Base_Init
 .text.TIM_ETR_SetConfig
                0x08001af4       0x18 CMakeFiles/balanceCar.elf.dir/Drivers/STM32F1xx_HAL_Driver/Src/stm32f1xx_hal_tim.c.obj
                0x08001af4                TIM_ETR_SetConfig
 .text.HAL_TIM_ConfigClockSource
                0x08001b0c       0xda CMakeFiles/balanceCar.elf.dir/Drivers/STM32F1xx_HAL_Driver/Src/stm32f1xx_hal_tim.c.obj
                0x08001b0c                HAL_TIM_ConfigClockSource
 *fill*         0x08001be6        0x2 
 .text.HAL_TIMEx_MasterConfigSynchronization
                0x08001be8       0x6c CMakeFiles/balanceCar.elf.dir/Drivers/STM32F1xx_HAL_Driver/Src/stm32f1xx_hal_tim_ex.c.obj
                0x08001be8                HAL_TIMEx_MasterConfigSynchronization
 .text.HAL_TIMEx_CommutCallback
                0x08001c54        0x2 CMakeFiles/balanceCar.elf.dir/Drivers/STM32F1xx_HAL_Driver/Src/stm32f1xx_hal_tim_ex.c.obj
                0x08001c54                HAL_TIMEx_CommutCallback
 .text.HAL_TIMEx_BreakCallback
                0x08001c56        0x2 CMakeFiles/balanceCar.elf.dir/Drivers/STM32F1xx_HAL_Driver/Src/stm32f1xx_hal_tim_ex.c.obj
                0x08001c56                HAL_TIMEx_BreakCallback
 .text.UART_EndRxTransfer
                0x08001c58       0x32 CMakeFiles/balanceCar.elf.dir/Drivers/STM32F1xx_HAL_Driver/Src/stm32f1xx_hal_uart.c.obj
 .text.UART_Transmit_IT
                0x08001c8a       0x60 CMakeFiles/balanceCar.elf.dir/Drivers/STM32F1xx_HAL_Driver/Src/stm32f1xx_hal_uart.c.obj
 *fill*         0x08001cea        0x2 
 .text.UART_SetConfig
                0x08001cec       0x94 CMakeFiles/balanceCar.elf.dir/Drivers/STM32F1xx_HAL_Driver/Src/stm32f1xx_hal_uart.c.obj
 .text.UART_WaitOnFlagUntilTimeout
                0x08001d80       0x6c CMakeFiles/balanceCar.elf.dir/Drivers/STM32F1xx_HAL_Driver/Src/stm32f1xx_hal_uart.c.obj
 .text.HAL_UART_Init
                0x08001dec       0x5e CMakeFiles/balanceCar.elf.dir/Drivers/STM32F1xx_HAL_Driver/Src/stm32f1xx_hal_uart.c.obj
                0x08001dec                HAL_UART_Init
 .text.HAL_UART_Transmit
                0x08001e4a       0xd8 CMakeFiles/balanceCar.elf.dir/Drivers/STM32F1xx_HAL_Driver/Src/stm32f1xx_hal_uart.c.obj
                0x08001e4a                HAL_UART_Transmit
 .text.HAL_UART_TxCpltCallback
                0x08001f22        0x2 CMakeFiles/balanceCar.elf.dir/Drivers/STM32F1xx_HAL_Driver/Src/stm32f1xx_hal_uart.c.obj
                0x08001f22                HAL_UART_TxCpltCallback
 .text.UART_EndTransmit_IT
                0x08001f24       0x1a CMakeFiles/balanceCar.elf.dir/Drivers/STM32F1xx_HAL_Driver/Src/stm32f1xx_hal_uart.c.obj
 .text.HAL_UART_ErrorCallback
                0x08001f3e        0x2 CMakeFiles/balanceCar.elf.dir/Drivers/STM32F1xx_HAL_Driver/Src/stm32f1xx_hal_uart.c.obj
                0x08001f3e                HAL_UART_ErrorCallback
 .text.UART_DMAAbortOnError
                0x08001f40       0x10 CMakeFiles/balanceCar.elf.dir/Drivers/STM32F1xx_HAL_Driver/Src/stm32f1xx_hal_uart.c.obj
 .text.HAL_UARTEx_RxEventCallback
                0x08001f50        0x2 CMakeFiles/balanceCar.elf.dir/Drivers/STM32F1xx_HAL_Driver/Src/stm32f1xx_hal_uart.c.obj
                0x08001f50                HAL_UARTEx_RxEventCallback
 .text.UART_Receive_IT
                0x08001f52       0xd4 CMakeFiles/balanceCar.elf.dir/Drivers/STM32F1xx_HAL_Driver/Src/stm32f1xx_hal_uart.c.obj
 *fill*         0x08002026        0x2 
 .text.HAL_UART_IRQHandler
                0x08002028      0x204 CMakeFiles/balanceCar.elf.dir/Drivers/STM32F1xx_HAL_Driver/Src/stm32f1xx_hal_uart.c.obj
                0x08002028                HAL_UART_IRQHandler
 .text.UART_Start_Receive_IT
                0x0800222c       0x36 CMakeFiles/balanceCar.elf.dir/Drivers/STM32F1xx_HAL_Driver/Src/stm32f1xx_hal_uart.c.obj
                0x0800222c                UART_Start_Receive_IT
 .text.HAL_UART_Receive_IT
                0x08002262       0x38 CMakeFiles/balanceCar.elf.dir/Drivers/STM32F1xx_HAL_Driver/Src/stm32f1xx_hal_uart.c.obj
                0x08002262                HAL_UART_Receive_IT
 *fill*         0x0800229a        0x2 
 .text.__libc_init_array
                0x0800229c       0x48 c:/progra~2/gnuarm~1/102021~1.10/bin/../lib/gcc/arm-none-eabi/10.3.1/../../../../arm-none-eabi/lib/thumb/v7-m/nofp\libg.a(lib_a-init.o)
                0x0800229c                __libc_init_array
 .text.memset   0x080022e4       0xa4 c:/progra~2/gnuarm~1/102021~1.10/bin/../lib/gcc/arm-none-eabi/10.3.1/../../../../arm-none-eabi/lib/thumb/v7-m/nofp\libg.a(lib_a-memset.o)
                0x080022e4                memset
 .text.strlen   0x08002388       0x5c c:/progra~2/gnuarm~1/102021~1.10/bin/../lib/gcc/arm-none-eabi/10.3.1/../../../../arm-none-eabi/lib/thumb/v7-m/nofp\libg.a(lib_a-strlen-stub.o)
                0x08002388                strlen
 .text.startup.register_fini
                0x080023e4       0x14 c:/progra~2/gnuarm~1/102021~1.10/bin/../lib/gcc/arm-none-eabi/10.3.1/../../../../arm-none-eabi/lib/thumb/v7-m/nofp\libg.a(lib_a-__call_atexit.o)
 .text.atexit   0x080023f8        0xc c:/progra~2/gnuarm~1/102021~1.10/bin/../lib/gcc/arm-none-eabi/10.3.1/../../../../arm-none-eabi/lib/thumb/v7-m/nofp\libg.a(lib_a-atexit.o)
                0x080023f8                atexit
 .text.__libc_fini_array
                0x08002404       0x2c c:/progra~2/gnuarm~1/102021~1.10/bin/../lib/gcc/arm-none-eabi/10.3.1/../../../../arm-none-eabi/lib/thumb/v7-m/nofp\libg.a(lib_a-fini.o)
                0x08002404                __libc_fini_array
 .text.__retarget_lock_acquire_recursive
                0x08002430        0x4 c:/progra~2/gnuarm~1/102021~1.10/bin/../lib/gcc/arm-none-eabi/10.3.1/../../../../arm-none-eabi/lib/thumb/v7-m/nofp\libg.a(lib_a-lock.o)
                0x08002430                __retarget_lock_acquire_recursive
 .text.__retarget_lock_release_recursive
                0x08002434        0x4 c:/progra~2/gnuarm~1/102021~1.10/bin/../lib/gcc/arm-none-eabi/10.3.1/../../../../arm-none-eabi/lib/thumb/v7-m/nofp\libg.a(lib_a-lock.o)
                0x08002434                __retarget_lock_release_recursive
 .text.__register_exitproc
                0x08002438       0x8c c:/progra~2/gnuarm~1/102021~1.10/bin/../lib/gcc/arm-none-eabi/10.3.1/../../../../arm-none-eabi/lib/thumb/v7-m/nofp\libg.a(lib_a-__atexit.o)
                0x08002438                __register_exitproc
 *(.glue_7)
 .glue_7        0x080024c4        0x0 linker stubs
 *(.glue_7t)
 .glue_7t       0x080024c4        0x0 linker stubs
 *(.eh_frame)
 .eh_frame      0x080024c4        0x0 c:/progra~2/gnuarm~1/102021~1.10/bin/../lib/gcc/arm-none-eabi/10.3.1/thumb/v7-m/nofp/crtbegin.o
 *(.init)
 .init          0x080024c4        0x4 c:/progra~2/gnuarm~1/102021~1.10/bin/../lib/gcc/arm-none-eabi/10.3.1/thumb/v7-m/nofp/crti.o
                0x080024c4                _init
 .init          0x080024c8        0x8 c:/progra~2/gnuarm~1/102021~1.10/bin/../lib/gcc/arm-none-eabi/10.3.1/thumb/v7-m/nofp/crtn.o
 *(.fini)
 .fini          0x080024d0        0x4 c:/progra~2/gnuarm~1/102021~1.10/bin/../lib/gcc/arm-none-eabi/10.3.1/thumb/v7-m/nofp/crti.o
                0x080024d0                _fini
 .fini          0x080024d4        0x8 c:/progra~2/gnuarm~1/102021~1.10/bin/../lib/gcc/arm-none-eabi/10.3.1/thumb/v7-m/nofp/crtn.o
                0x080024dc                . = ALIGN (0x4)
                0x080024dc                _etext = .

.vfp11_veneer   0x080024dc        0x0
 .vfp11_veneer  0x080024dc        0x0 linker stubs

.v4_bx          0x080024dc        0x0
 .v4_bx         0x080024dc        0x0 linker stubs

.iplt           0x080024dc        0x0
 .iplt          0x080024dc        0x0 c:/progra~2/gnuarm~1/102021~1.10/bin/../lib/gcc/arm-none-eabi/10.3.1/thumb/v7-m/nofp/crtbegin.o

.rodata         0x080024dc       0x38
                0x080024dc                . = ALIGN (0x4)
 *(.rodata)
 *(.rodata*)
 .rodata.main.str1.4
                0x080024dc        0x7 CMakeFiles/balanceCar.elf.dir/Core/Src/main.c.obj
 *fill*         0x080024e3        0x1 
 .rodata.AHBPrescTable
                0x080024e4       0x10 CMakeFiles/balanceCar.elf.dir/Core/Src/system_stm32f1xx.c.obj
                0x080024e4                AHBPrescTable
 .rodata.APBPrescTable
                0x080024f4        0x8 CMakeFiles/balanceCar.elf.dir/Core/Src/system_stm32f1xx.c.obj
                0x080024f4                APBPrescTable
 .rodata.HAL_RCC_GetSysClockFreq.str1.4
                0x080024fc       0x11 CMakeFiles/balanceCar.elf.dir/Drivers/STM32F1xx_HAL_Driver/Src/stm32f1xx_hal_rcc.c.obj
 *fill*         0x0800250d        0x3 
 .rodata._global_impure_ptr
                0x08002510        0x4 c:/progra~2/gnuarm~1/102021~1.10/bin/../lib/gcc/arm-none-eabi/10.3.1/../../../../arm-none-eabi/lib/thumb/v7-m/nofp\libg.a(lib_a-impure.o)
                0x08002510                _global_impure_ptr
                0x08002514                . = ALIGN (0x4)

.rel.dyn        0x08002514        0x0
 .rel.iplt      0x08002514        0x0 c:/progra~2/gnuarm~1/102021~1.10/bin/../lib/gcc/arm-none-eabi/10.3.1/thumb/v7-m/nofp/crtbegin.o

.ARM.extab      0x08002514        0x0
                0x08002514                . = ALIGN (0x4)
 *(.ARM.extab* .gnu.linkonce.armextab.*)
                0x08002514                . = ALIGN (0x4)

.ARM            0x08002514        0x0
                0x08002514                . = ALIGN (0x4)
                0x08002514                __exidx_start = .
 *(.ARM.exidx*)
                0x08002514                __exidx_end = .
                0x08002514                . = ALIGN (0x4)

.preinit_array  0x08002514        0x0
                0x08002514                . = ALIGN (0x4)
                0x08002514                PROVIDE (__preinit_array_start = .)
 *(.preinit_array*)
                0x08002514                PROVIDE (__preinit_array_end = .)
                0x08002514                . = ALIGN (0x4)

.init_array     0x08002514        0x8
                0x08002514                . = ALIGN (0x4)
                0x08002514                PROVIDE (__init_array_start = .)
 *(SORT_BY_NAME(.init_array.*))
 .init_array.00000
                0x08002514        0x4 c:/progra~2/gnuarm~1/102021~1.10/bin/../lib/gcc/arm-none-eabi/10.3.1/../../../../arm-none-eabi/lib/thumb/v7-m/nofp\libg.a(lib_a-__call_atexit.o)
 *(.init_array*)
 .init_array    0x08002518        0x4 c:/progra~2/gnuarm~1/102021~1.10/bin/../lib/gcc/arm-none-eabi/10.3.1/thumb/v7-m/nofp/crtbegin.o
                0x0800251c                PROVIDE (__init_array_end = .)
                0x0800251c                . = ALIGN (0x4)

.fini_array     0x0800251c        0x4
                0x0800251c                . = ALIGN (0x4)
                0x0800251c                PROVIDE (__fini_array_start = .)
 *(SORT_BY_NAME(.fini_array.*))
 *(.fini_array*)
 .fini_array    0x0800251c        0x4 c:/progra~2/gnuarm~1/102021~1.10/bin/../lib/gcc/arm-none-eabi/10.3.1/thumb/v7-m/nofp/crtbegin.o
                0x08002520                PROVIDE (__fini_array_end = .)
                0x08002520                . = ALIGN (0x4)
                0x08002520                _sidata = LOADADDR (.data)

.data           0x20000000      0x43c load address 0x08002520
                0x20000000                . = ALIGN (0x4)
                0x20000000                _sdata = .
 *(.data)
 *(.data*)
 .data.SystemCoreClock
                0x20000000        0x4 CMakeFiles/balanceCar.elf.dir/Core/Src/system_stm32f1xx.c.obj
                0x20000000                SystemCoreClock
 .data.uwTickFreq
                0x20000004        0x1 CMakeFiles/balanceCar.elf.dir/Drivers/STM32F1xx_HAL_Driver/Src/stm32f1xx_hal.c.obj
                0x20000004                uwTickFreq
 *fill*         0x20000005        0x3 
 .data.uwTickPrio
                0x20000008        0x4 CMakeFiles/balanceCar.elf.dir/Drivers/STM32F1xx_HAL_Driver/Src/stm32f1xx_hal.c.obj
                0x20000008                uwTickPrio
 *fill*         0x2000000c        0x4 
 .data.impure_data
                0x20000010      0x428 c:/progra~2/gnuarm~1/102021~1.10/bin/../lib/gcc/arm-none-eabi/10.3.1/../../../../arm-none-eabi/lib/thumb/v7-m/nofp\libg.a(lib_a-impure.o)
 .data.__atexit_recursive_mutex
                0x20000438        0x4 c:/progra~2/gnuarm~1/102021~1.10/bin/../lib/gcc/arm-none-eabi/10.3.1/../../../../arm-none-eabi/lib/thumb/v7-m/nofp\libg.a(lib_a-__call_atexit.o)
                0x20000438                __atexit_recursive_mutex
 *(.RamFunc)
 *(.RamFunc*)
                0x2000043c                . = ALIGN (0x4)
                0x2000043c                _edata = .

.igot.plt       0x2000043c        0x0 load address 0x0800295c
 .igot.plt      0x2000043c        0x0 c:/progra~2/gnuarm~1/102021~1.10/bin/../lib/gcc/arm-none-eabi/10.3.1/thumb/v7-m/nofp/crtbegin.o
                0x2000043c                . = ALIGN (0x4)

.bss            0x2000043c      0x288 load address 0x0800295c
                0x2000043c                _sbss = .
                0x2000043c                __bss_start__ = _sbss
 *(.bss)
 .bss           0x2000043c       0x1c c:/progra~2/gnuarm~1/102021~1.10/bin/../lib/gcc/arm-none-eabi/10.3.1/thumb/v7-m/nofp/crtbegin.o
 *(.bss*)
 .bss.hadc1     0x20000458       0x30 CMakeFiles/balanceCar.elf.dir/Core/Src/adc.c.obj
                0x20000458                hadc1
 .bss.hdma_adc1
                0x20000488       0x44 CMakeFiles/balanceCar.elf.dir/Core/Src/adc.c.obj
                0x20000488                hdma_adc1
 .bss.htim1     0x200004cc       0x48 CMakeFiles/balanceCar.elf.dir/Core/Src/tim.c.obj
                0x200004cc                htim1
 .bss.huart1    0x20000514       0x44 CMakeFiles/balanceCar.elf.dir/Core/Src/usart.c.obj
                0x20000514                huart1
 .bss.huart2    0x20000558       0x44 CMakeFiles/balanceCar.elf.dir/Core/Src/usart.c.obj
                0x20000558                huart2
 .bss.position  0x2000059c        0x1 CMakeFiles/balanceCar.elf.dir/Core/Src/usart.c.obj
                0x2000059c                position
 *fill*         0x2000059d        0x3 
 .bss.proBuffer
                0x200005a0       0xff CMakeFiles/balanceCar.elf.dir/Core/Src/usart.c.obj
                0x200005a0                proBuffer
 *fill*         0x2000069f        0x1 
 .bss.rxBuffer  0x200006a0       0x19 CMakeFiles/balanceCar.elf.dir/Core/Src/usart.c.obj
                0x200006a0                rxBuffer
 .bss.rxCompleted
                0x200006b9        0x1 CMakeFiles/balanceCar.elf.dir/Core/Src/usart.c.obj
                0x200006b9                rxCompleted
 *fill*         0x200006ba        0x2 
 .bss.uwTick    0x200006bc        0x4 CMakeFiles/balanceCar.elf.dir/Drivers/STM32F1xx_HAL_Driver/Src/stm32f1xx_hal.c.obj
                0x200006bc                uwTick
 .bss.__lock___atexit_recursive_mutex
                0x200006c0        0x1 c:/progra~2/gnuarm~1/102021~1.10/bin/../lib/gcc/arm-none-eabi/10.3.1/../../../../arm-none-eabi/lib/thumb/v7-m/nofp\libg.a(lib_a-lock.o)
                0x200006c0                __lock___atexit_recursive_mutex
 *(COMMON)
                0x200006c4                . = ALIGN (0x4)
 *fill*         0x200006c1        0x3 
                0x200006c4                _ebss = .
                0x200006c4                __bss_end__ = _ebss

._user_heap_stack
                0x200006c4      0x604 load address 0x0800295c
                0x200006c8                . = ALIGN (0x8)
 *fill*         0x200006c4        0x4 
                [!provide]                PROVIDE (end = .)
                0x200006c8                PROVIDE (_end = .)
                0x200008c8                . = (. + _Min_Heap_Size)
 *fill*         0x200006c8      0x200 
                0x20000cc8                . = (. + _Min_Stack_Size)
 *fill*         0x200008c8      0x400 
                0x20000cc8                . = ALIGN (0x8)

/DISCARD/
 libc.a(*)
 libm.a(*)
 libgcc.a(*)

.ARM.attributes
                0x00000000       0x29
 *(.ARM.attributes)
 .ARM.attributes
                0x00000000       0x1d c:/progra~2/gnuarm~1/102021~1.10/bin/../lib/gcc/arm-none-eabi/10.3.1/thumb/v7-m/nofp/crti.o
 .ARM.attributes
                0x0000001d       0x2d c:/progra~2/gnuarm~1/102021~1.10/bin/../lib/gcc/arm-none-eabi/10.3.1/thumb/v7-m/nofp/crtbegin.o
 .ARM.attributes
                0x0000004a       0x2d CMakeFiles/balanceCar.elf.dir/Core/Src/adc.c.obj
 .ARM.attributes
                0x00000077       0x2d CMakeFiles/balanceCar.elf.dir/Core/Src/dma.c.obj
 .ARM.attributes
                0x000000a4       0x2d CMakeFiles/balanceCar.elf.dir/Core/Src/gpio.c.obj
 .ARM.attributes
                0x000000d1       0x2d CMakeFiles/balanceCar.elf.dir/Core/Src/main.c.obj
 .ARM.attributes
                0x000000fe       0x2d CMakeFiles/balanceCar.elf.dir/Core/Src/stm32f1xx_hal_msp.c.obj
 .ARM.attributes
                0x0000012b       0x2d CMakeFiles/balanceCar.elf.dir/Core/Src/stm32f1xx_it.c.obj
 .ARM.attributes
                0x00000158       0x2d CMakeFiles/balanceCar.elf.dir/Core/Src/system_stm32f1xx.c.obj
 .ARM.attributes
                0x00000185       0x2d CMakeFiles/balanceCar.elf.dir/Core/Src/tim.c.obj
 .ARM.attributes
                0x000001b2       0x2d CMakeFiles/balanceCar.elf.dir/Core/Src/usart.c.obj
 .ARM.attributes
                0x000001df       0x21 CMakeFiles/balanceCar.elf.dir/Core/Startup/startup_stm32f103c8tx.s.obj
 .ARM.attributes
                0x00000200       0x2d CMakeFiles/balanceCar.elf.dir/Drivers/STM32F1xx_HAL_Driver/Src/stm32f1xx_hal.c.obj
 .ARM.attributes
                0x0000022d       0x2d CMakeFiles/balanceCar.elf.dir/Drivers/STM32F1xx_HAL_Driver/Src/stm32f1xx_hal_adc.c.obj
 .ARM.attributes
                0x0000025a       0x2d CMakeFiles/balanceCar.elf.dir/Drivers/STM32F1xx_HAL_Driver/Src/stm32f1xx_hal_cortex.c.obj
 .ARM.attributes
                0x00000287       0x2d CMakeFiles/balanceCar.elf.dir/Drivers/STM32F1xx_HAL_Driver/Src/stm32f1xx_hal_dma.c.obj
 .ARM.attributes
                0x000002b4       0x2d CMakeFiles/balanceCar.elf.dir/Drivers/STM32F1xx_HAL_Driver/Src/stm32f1xx_hal_gpio.c.obj
 .ARM.attributes
                0x000002e1       0x2d CMakeFiles/balanceCar.elf.dir/Drivers/STM32F1xx_HAL_Driver/Src/stm32f1xx_hal_rcc.c.obj
 .ARM.attributes
                0x0000030e       0x2d CMakeFiles/balanceCar.elf.dir/Drivers/STM32F1xx_HAL_Driver/Src/stm32f1xx_hal_rcc_ex.c.obj
 .ARM.attributes
                0x0000033b       0x2d CMakeFiles/balanceCar.elf.dir/Drivers/STM32F1xx_HAL_Driver/Src/stm32f1xx_hal_tim.c.obj
 .ARM.attributes
                0x00000368       0x2d CMakeFiles/balanceCar.elf.dir/Drivers/STM32F1xx_HAL_Driver/Src/stm32f1xx_hal_tim_ex.c.obj
 .ARM.attributes
                0x00000395       0x2d CMakeFiles/balanceCar.elf.dir/Drivers/STM32F1xx_HAL_Driver/Src/stm32f1xx_hal_uart.c.obj
 .ARM.attributes
                0x000003c2       0x2d c:/progra~2/gnuarm~1/102021~1.10/bin/../lib/gcc/arm-none-eabi/10.3.1/../../../../arm-none-eabi/lib/thumb/v7-m/nofp\libg.a(lib_a-impure.o)
 .ARM.attributes
                0x000003ef       0x2d c:/progra~2/gnuarm~1/102021~1.10/bin/../lib/gcc/arm-none-eabi/10.3.1/../../../../arm-none-eabi/lib/thumb/v7-m/nofp\libg.a(lib_a-init.o)
 .ARM.attributes
                0x0000041c       0x2d c:/progra~2/gnuarm~1/102021~1.10/bin/../lib/gcc/arm-none-eabi/10.3.1/../../../../arm-none-eabi/lib/thumb/v7-m/nofp\libg.a(lib_a-memset.o)
 .ARM.attributes
                0x00000449       0x2d c:/progra~2/gnuarm~1/102021~1.10/bin/../lib/gcc/arm-none-eabi/10.3.1/../../../../arm-none-eabi/lib/thumb/v7-m/nofp\libg.a(lib_a-strlen-stub.o)
 .ARM.attributes
                0x00000476       0x2d c:/progra~2/gnuarm~1/102021~1.10/bin/../lib/gcc/arm-none-eabi/10.3.1/../../../../arm-none-eabi/lib/thumb/v7-m/nofp\libg.a(lib_a-__call_atexit.o)
 .ARM.attributes
                0x000004a3       0x2d c:/progra~2/gnuarm~1/102021~1.10/bin/../lib/gcc/arm-none-eabi/10.3.1/../../../../arm-none-eabi/lib/thumb/v7-m/nofp\libg.a(lib_a-atexit.o)
 .ARM.attributes
                0x000004d0       0x2d c:/progra~2/gnuarm~1/102021~1.10/bin/../lib/gcc/arm-none-eabi/10.3.1/../../../../arm-none-eabi/lib/thumb/v7-m/nofp\libg.a(lib_a-fini.o)
 .ARM.attributes
                0x000004fd       0x2d c:/progra~2/gnuarm~1/102021~1.10/bin/../lib/gcc/arm-none-eabi/10.3.1/../../../../arm-none-eabi/lib/thumb/v7-m/nofp\libg.a(lib_a-lock.o)
 .ARM.attributes
                0x0000052a       0x2d c:/progra~2/gnuarm~1/102021~1.10/bin/../lib/gcc/arm-none-eabi/10.3.1/../../../../arm-none-eabi/lib/thumb/v7-m/nofp\libg.a(lib_a-__atexit.o)
 .ARM.attributes
                0x00000557       0x1d c:/progra~2/gnuarm~1/102021~1.10/bin/../lib/gcc/arm-none-eabi/10.3.1/thumb/v7-m/nofp/crtn.o
OUTPUT(balanceCar.elf elf32-littlearm)
LOAD linker stubs
LOAD c:/progra~2/gnuarm~1/102021~1.10/bin/../lib/gcc/arm-none-eabi/10.3.1/../../../../arm-none-eabi/lib/thumb/v7-m/nofp\libc.a
LOAD c:/progra~2/gnuarm~1/102021~1.10/bin/../lib/gcc/arm-none-eabi/10.3.1/../../../../arm-none-eabi/lib/thumb/v7-m/nofp\libm.a
LOAD c:/progra~2/gnuarm~1/102021~1.10/bin/../lib/gcc/arm-none-eabi/10.3.1/thumb/v7-m/nofp\libgcc.a

.debug_info     0x00000000     0xf28d
 .debug_info    0x00000000      0x8b8 CMakeFiles/balanceCar.elf.dir/Core/Src/adc.c.obj
 .debug_info    0x000008b8      0x2f4 CMakeFiles/balanceCar.elf.dir/Core/Src/dma.c.obj
 .debug_info    0x00000bac      0x4a0 CMakeFiles/balanceCar.elf.dir/Core/Src/gpio.c.obj
 .debug_info    0x0000104c      0xa1f CMakeFiles/balanceCar.elf.dir/Core/Src/main.c.obj
 .debug_info    0x00001a6b      0x211 CMakeFiles/balanceCar.elf.dir/Core/Src/stm32f1xx_hal_msp.c.obj
 .debug_info    0x00001c7c      0xa55 CMakeFiles/balanceCar.elf.dir/Core/Src/stm32f1xx_it.c.obj
 .debug_info    0x000026d1      0x248 CMakeFiles/balanceCar.elf.dir/Core/Src/system_stm32f1xx.c.obj
 .debug_info    0x00002919      0xa9a CMakeFiles/balanceCar.elf.dir/Core/Src/tim.c.obj
 .debug_info    0x000033b3      0xbd4 CMakeFiles/balanceCar.elf.dir/Core/Src/usart.c.obj
 .debug_info    0x00003f87       0x22 CMakeFiles/balanceCar.elf.dir/Core/Startup/startup_stm32f103c8tx.s.obj
 .debug_info    0x00003fa9      0x7a8 CMakeFiles/balanceCar.elf.dir/Drivers/STM32F1xx_HAL_Driver/Src/stm32f1xx_hal.c.obj
 .debug_info    0x00004751      0xf10 CMakeFiles/balanceCar.elf.dir/Drivers/STM32F1xx_HAL_Driver/Src/stm32f1xx_hal_adc.c.obj
 .debug_info    0x00005661      0xd8a CMakeFiles/balanceCar.elf.dir/Drivers/STM32F1xx_HAL_Driver/Src/stm32f1xx_hal_cortex.c.obj
 .debug_info    0x000063eb      0x846 CMakeFiles/balanceCar.elf.dir/Drivers/STM32F1xx_HAL_Driver/Src/stm32f1xx_hal_dma.c.obj
 .debug_info    0x00006c31      0x66f CMakeFiles/balanceCar.elf.dir/Drivers/STM32F1xx_HAL_Driver/Src/stm32f1xx_hal_gpio.c.obj
 .debug_info    0x000072a0      0xa36 CMakeFiles/balanceCar.elf.dir/Drivers/STM32F1xx_HAL_Driver/Src/stm32f1xx_hal_rcc.c.obj
 .debug_info    0x00007cd6      0x443 CMakeFiles/balanceCar.elf.dir/Drivers/STM32F1xx_HAL_Driver/Src/stm32f1xx_hal_rcc_ex.c.obj
 .debug_info    0x00008119     0x3b00 CMakeFiles/balanceCar.elf.dir/Drivers/STM32F1xx_HAL_Driver/Src/stm32f1xx_hal_tim.c.obj
 .debug_info    0x0000bc19     0x19e9 CMakeFiles/balanceCar.elf.dir/Drivers/STM32F1xx_HAL_Driver/Src/stm32f1xx_hal_tim_ex.c.obj
 .debug_info    0x0000d602     0x1c8b CMakeFiles/balanceCar.elf.dir/Drivers/STM32F1xx_HAL_Driver/Src/stm32f1xx_hal_uart.c.obj

.debug_abbrev   0x00000000     0x24ad
 .debug_abbrev  0x00000000      0x1c9 CMakeFiles/balanceCar.elf.dir/Core/Src/adc.c.obj
 .debug_abbrev  0x000001c9      0x114 CMakeFiles/balanceCar.elf.dir/Core/Src/dma.c.obj
 .debug_abbrev  0x000002dd      0x158 CMakeFiles/balanceCar.elf.dir/Core/Src/gpio.c.obj
 .debug_abbrev  0x00000435      0x237 CMakeFiles/balanceCar.elf.dir/Core/Src/main.c.obj
 .debug_abbrev  0x0000066c       0xe5 CMakeFiles/balanceCar.elf.dir/Core/Src/stm32f1xx_hal_msp.c.obj
 .debug_abbrev  0x00000751      0x1cc CMakeFiles/balanceCar.elf.dir/Core/Src/stm32f1xx_it.c.obj
 .debug_abbrev  0x0000091d      0x13e CMakeFiles/balanceCar.elf.dir/Core/Src/system_stm32f1xx.c.obj
 .debug_abbrev  0x00000a5b      0x1de CMakeFiles/balanceCar.elf.dir/Core/Src/tim.c.obj
 .debug_abbrev  0x00000c39      0x209 CMakeFiles/balanceCar.elf.dir/Core/Src/usart.c.obj
 .debug_abbrev  0x00000e42       0x12 CMakeFiles/balanceCar.elf.dir/Core/Startup/startup_stm32f103c8tx.s.obj
 .debug_abbrev  0x00000e54      0x1f4 CMakeFiles/balanceCar.elf.dir/Drivers/STM32F1xx_HAL_Driver/Src/stm32f1xx_hal.c.obj
 .debug_abbrev  0x00001048      0x1fc CMakeFiles/balanceCar.elf.dir/Drivers/STM32F1xx_HAL_Driver/Src/stm32f1xx_hal_adc.c.obj
 .debug_abbrev  0x00001244      0x341 CMakeFiles/balanceCar.elf.dir/Drivers/STM32F1xx_HAL_Driver/Src/stm32f1xx_hal_cortex.c.obj
 .debug_abbrev  0x00001585      0x223 CMakeFiles/balanceCar.elf.dir/Drivers/STM32F1xx_HAL_Driver/Src/stm32f1xx_hal_dma.c.obj
 .debug_abbrev  0x000017a8      0x1e6 CMakeFiles/balanceCar.elf.dir/Drivers/STM32F1xx_HAL_Driver/Src/stm32f1xx_hal_gpio.c.obj
 .debug_abbrev  0x0000198e      0x27a CMakeFiles/balanceCar.elf.dir/Drivers/STM32F1xx_HAL_Driver/Src/stm32f1xx_hal_rcc.c.obj
 .debug_abbrev  0x00001c08      0x1d2 CMakeFiles/balanceCar.elf.dir/Drivers/STM32F1xx_HAL_Driver/Src/stm32f1xx_hal_rcc_ex.c.obj
 .debug_abbrev  0x00001dda      0x23e CMakeFiles/balanceCar.elf.dir/Drivers/STM32F1xx_HAL_Driver/Src/stm32f1xx_hal_tim.c.obj
 .debug_abbrev  0x00002018      0x241 CMakeFiles/balanceCar.elf.dir/Drivers/STM32F1xx_HAL_Driver/Src/stm32f1xx_hal_tim_ex.c.obj
 .debug_abbrev  0x00002259      0x254 CMakeFiles/balanceCar.elf.dir/Drivers/STM32F1xx_HAL_Driver/Src/stm32f1xx_hal_uart.c.obj

.debug_loc      0x00000000     0xaf36
 .debug_loc     0x00000000       0x71 CMakeFiles/balanceCar.elf.dir/Core/Src/adc.c.obj
 .debug_loc     0x00000071       0x15 CMakeFiles/balanceCar.elf.dir/Core/Src/stm32f1xx_hal_msp.c.obj
 .debug_loc     0x00000086       0xff CMakeFiles/balanceCar.elf.dir/Core/Src/system_stm32f1xx.c.obj
 .debug_loc     0x00000185       0x67 CMakeFiles/balanceCar.elf.dir/Core/Src/tim.c.obj
 .debug_loc     0x000001ec      0x100 CMakeFiles/balanceCar.elf.dir/Core/Src/usart.c.obj
 .debug_loc     0x000002ec      0x141 CMakeFiles/balanceCar.elf.dir/Drivers/STM32F1xx_HAL_Driver/Src/stm32f1xx_hal.c.obj
 .debug_loc     0x0000042d      0xad9 CMakeFiles/balanceCar.elf.dir/Drivers/STM32F1xx_HAL_Driver/Src/stm32f1xx_hal_adc.c.obj
 .debug_loc     0x00000f06      0x71f CMakeFiles/balanceCar.elf.dir/Drivers/STM32F1xx_HAL_Driver/Src/stm32f1xx_hal_cortex.c.obj
 .debug_loc     0x00001625      0x7d1 CMakeFiles/balanceCar.elf.dir/Drivers/STM32F1xx_HAL_Driver/Src/stm32f1xx_hal_dma.c.obj
 .debug_loc     0x00001df6      0x47d CMakeFiles/balanceCar.elf.dir/Drivers/STM32F1xx_HAL_Driver/Src/stm32f1xx_hal_gpio.c.obj
 .debug_loc     0x00002273      0x63e CMakeFiles/balanceCar.elf.dir/Drivers/STM32F1xx_HAL_Driver/Src/stm32f1xx_hal_rcc.c.obj
 .debug_loc     0x000028b1      0x3c8 CMakeFiles/balanceCar.elf.dir/Drivers/STM32F1xx_HAL_Driver/Src/stm32f1xx_hal_rcc_ex.c.obj
 .debug_loc     0x00002c79     0x47a8 CMakeFiles/balanceCar.elf.dir/Drivers/STM32F1xx_HAL_Driver/Src/stm32f1xx_hal_tim.c.obj
 .debug_loc     0x00007421     0x1ade CMakeFiles/balanceCar.elf.dir/Drivers/STM32F1xx_HAL_Driver/Src/stm32f1xx_hal_tim_ex.c.obj
 .debug_loc     0x00008eff     0x2037 CMakeFiles/balanceCar.elf.dir/Drivers/STM32F1xx_HAL_Driver/Src/stm32f1xx_hal_uart.c.obj

.debug_aranges  0x00000000      0xd48
 .debug_aranges
                0x00000000       0x30 CMakeFiles/balanceCar.elf.dir/Core/Src/adc.c.obj
 .debug_aranges
                0x00000030       0x20 CMakeFiles/balanceCar.elf.dir/Core/Src/dma.c.obj
 .debug_aranges
                0x00000050       0x20 CMakeFiles/balanceCar.elf.dir/Core/Src/gpio.c.obj
 .debug_aranges
                0x00000070       0x38 CMakeFiles/balanceCar.elf.dir/Core/Src/main.c.obj
 .debug_aranges
                0x000000a8       0x20 CMakeFiles/balanceCar.elf.dir/Core/Src/stm32f1xx_hal_msp.c.obj
 .debug_aranges
                0x000000c8       0x88 CMakeFiles/balanceCar.elf.dir/Core/Src/stm32f1xx_it.c.obj
 .debug_aranges
                0x00000150       0x28 CMakeFiles/balanceCar.elf.dir/Core/Src/system_stm32f1xx.c.obj
 .debug_aranges
                0x00000178       0x30 CMakeFiles/balanceCar.elf.dir/Core/Src/tim.c.obj
 .debug_aranges
                0x000001a8       0x48 CMakeFiles/balanceCar.elf.dir/Core/Src/usart.c.obj
 .debug_aranges
                0x000001f0       0x28 CMakeFiles/balanceCar.elf.dir/Core/Startup/startup_stm32f103c8tx.s.obj
 .debug_aranges
                0x00000218       0xe0 CMakeFiles/balanceCar.elf.dir/Drivers/STM32F1xx_HAL_Driver/Src/stm32f1xx_hal.c.obj
 .debug_aranges
                0x000002f8       0xf0 CMakeFiles/balanceCar.elf.dir/Drivers/STM32F1xx_HAL_Driver/Src/stm32f1xx_hal_adc.c.obj
 .debug_aranges
                0x000003e8       0x90 CMakeFiles/balanceCar.elf.dir/Drivers/STM32F1xx_HAL_Driver/Src/stm32f1xx_hal_cortex.c.obj
 .debug_aranges
                0x00000478       0x80 CMakeFiles/balanceCar.elf.dir/Drivers/STM32F1xx_HAL_Driver/Src/stm32f1xx_hal_dma.c.obj
 .debug_aranges
                0x000004f8       0x58 CMakeFiles/balanceCar.elf.dir/Drivers/STM32F1xx_HAL_Driver/Src/stm32f1xx_hal_gpio.c.obj
 .debug_aranges
                0x00000550       0x90 CMakeFiles/balanceCar.elf.dir/Drivers/STM32F1xx_HAL_Driver/Src/stm32f1xx_hal_rcc.c.obj
 .debug_aranges
                0x000005e0       0x30 CMakeFiles/balanceCar.elf.dir/Drivers/STM32F1xx_HAL_Driver/Src/stm32f1xx_hal_rcc_ex.c.obj
 .debug_aranges
                0x00000610      0x3d0 CMakeFiles/balanceCar.elf.dir/Drivers/STM32F1xx_HAL_Driver/Src/stm32f1xx_hal_tim.c.obj
 .debug_aranges
                0x000009e0      0x168 CMakeFiles/balanceCar.elf.dir/Drivers/STM32F1xx_HAL_Driver/Src/stm32f1xx_hal_tim_ex.c.obj
 .debug_aranges
                0x00000b48      0x200 CMakeFiles/balanceCar.elf.dir/Drivers/STM32F1xx_HAL_Driver/Src/stm32f1xx_hal_uart.c.obj

.debug_ranges   0x00000000      0xca8
 .debug_ranges  0x00000000       0x20 CMakeFiles/balanceCar.elf.dir/Core/Src/adc.c.obj
 .debug_ranges  0x00000020       0x10 CMakeFiles/balanceCar.elf.dir/Core/Src/dma.c.obj
 .debug_ranges  0x00000030       0x10 CMakeFiles/balanceCar.elf.dir/Core/Src/gpio.c.obj
 .debug_ranges  0x00000040       0x28 CMakeFiles/balanceCar.elf.dir/Core/Src/main.c.obj
 .debug_ranges  0x00000068       0x10 CMakeFiles/balanceCar.elf.dir/Core/Src/stm32f1xx_hal_msp.c.obj
 .debug_ranges  0x00000078       0x78 CMakeFiles/balanceCar.elf.dir/Core/Src/stm32f1xx_it.c.obj
 .debug_ranges  0x000000f0       0x18 CMakeFiles/balanceCar.elf.dir/Core/Src/system_stm32f1xx.c.obj
 .debug_ranges  0x00000108       0x20 CMakeFiles/balanceCar.elf.dir/Core/Src/tim.c.obj
 .debug_ranges  0x00000128       0x38 CMakeFiles/balanceCar.elf.dir/Core/Src/usart.c.obj
 .debug_ranges  0x00000160       0x20 CMakeFiles/balanceCar.elf.dir/Core/Startup/startup_stm32f103c8tx.s.obj
 .debug_ranges  0x00000180       0xd0 CMakeFiles/balanceCar.elf.dir/Drivers/STM32F1xx_HAL_Driver/Src/stm32f1xx_hal.c.obj
 .debug_ranges  0x00000250       0xe0 CMakeFiles/balanceCar.elf.dir/Drivers/STM32F1xx_HAL_Driver/Src/stm32f1xx_hal_adc.c.obj
 .debug_ranges  0x00000330       0xe0 CMakeFiles/balanceCar.elf.dir/Drivers/STM32F1xx_HAL_Driver/Src/stm32f1xx_hal_cortex.c.obj
 .debug_ranges  0x00000410       0x70 CMakeFiles/balanceCar.elf.dir/Drivers/STM32F1xx_HAL_Driver/Src/stm32f1xx_hal_dma.c.obj
 .debug_ranges  0x00000480       0x48 CMakeFiles/balanceCar.elf.dir/Drivers/STM32F1xx_HAL_Driver/Src/stm32f1xx_hal_gpio.c.obj
 .debug_ranges  0x000004c8       0xa0 CMakeFiles/balanceCar.elf.dir/Drivers/STM32F1xx_HAL_Driver/Src/stm32f1xx_hal_rcc.c.obj
 .debug_ranges  0x00000568       0x38 CMakeFiles/balanceCar.elf.dir/Drivers/STM32F1xx_HAL_Driver/Src/stm32f1xx_hal_rcc_ex.c.obj
 .debug_ranges  0x000005a0      0x3c0 CMakeFiles/balanceCar.elf.dir/Drivers/STM32F1xx_HAL_Driver/Src/stm32f1xx_hal_tim.c.obj
 .debug_ranges  0x00000960      0x158 CMakeFiles/balanceCar.elf.dir/Drivers/STM32F1xx_HAL_Driver/Src/stm32f1xx_hal_tim_ex.c.obj
 .debug_ranges  0x00000ab8      0x1f0 CMakeFiles/balanceCar.elf.dir/Drivers/STM32F1xx_HAL_Driver/Src/stm32f1xx_hal_uart.c.obj

.debug_line     0x00000000     0xdb68
 .debug_line    0x00000000      0x398 CMakeFiles/balanceCar.elf.dir/Core/Src/adc.c.obj
 .debug_line    0x00000398      0x1c2 CMakeFiles/balanceCar.elf.dir/Core/Src/dma.c.obj
 .debug_line    0x0000055a      0x22a CMakeFiles/balanceCar.elf.dir/Core/Src/gpio.c.obj
 .debug_line    0x00000784      0x45a CMakeFiles/balanceCar.elf.dir/Core/Src/main.c.obj
 .debug_line    0x00000bde      0x17e CMakeFiles/balanceCar.elf.dir/Core/Src/stm32f1xx_hal_msp.c.obj
 .debug_line    0x00000d5c      0x3da CMakeFiles/balanceCar.elf.dir/Core/Src/stm32f1xx_it.c.obj
 .debug_line    0x00001136      0x248 CMakeFiles/balanceCar.elf.dir/Core/Src/system_stm32f1xx.c.obj
 .debug_line    0x0000137e      0x345 CMakeFiles/balanceCar.elf.dir/Core/Src/tim.c.obj
 .debug_line    0x000016c3      0x4b7 CMakeFiles/balanceCar.elf.dir/Core/Src/usart.c.obj
 .debug_line    0x00001b7a       0xa5 CMakeFiles/balanceCar.elf.dir/Core/Startup/startup_stm32f103c8tx.s.obj
 .debug_line    0x00001c1f      0x572 CMakeFiles/balanceCar.elf.dir/Drivers/STM32F1xx_HAL_Driver/Src/stm32f1xx_hal.c.obj
 .debug_line    0x00002191      0xf0f CMakeFiles/balanceCar.elf.dir/Drivers/STM32F1xx_HAL_Driver/Src/stm32f1xx_hal_adc.c.obj
 .debug_line    0x000030a0      0x65c CMakeFiles/balanceCar.elf.dir/Drivers/STM32F1xx_HAL_Driver/Src/stm32f1xx_hal_cortex.c.obj
 .debug_line    0x000036fc      0xa76 CMakeFiles/balanceCar.elf.dir/Drivers/STM32F1xx_HAL_Driver/Src/stm32f1xx_hal_dma.c.obj
 .debug_line    0x00004172      0x606 CMakeFiles/balanceCar.elf.dir/Drivers/STM32F1xx_HAL_Driver/Src/stm32f1xx_hal_gpio.c.obj
 .debug_line    0x00004778      0xc4f CMakeFiles/balanceCar.elf.dir/Drivers/STM32F1xx_HAL_Driver/Src/stm32f1xx_hal_rcc.c.obj
 .debug_line    0x000053c7      0x4c1 CMakeFiles/balanceCar.elf.dir/Drivers/STM32F1xx_HAL_Driver/Src/stm32f1xx_hal_rcc_ex.c.obj
 .debug_line    0x00005888     0x4681 CMakeFiles/balanceCar.elf.dir/Drivers/STM32F1xx_HAL_Driver/Src/stm32f1xx_hal_tim.c.obj
 .debug_line    0x00009f09     0x1b81 CMakeFiles/balanceCar.elf.dir/Drivers/STM32F1xx_HAL_Driver/Src/stm32f1xx_hal_tim_ex.c.obj
 .debug_line    0x0000ba8a     0x20de CMakeFiles/balanceCar.elf.dir/Drivers/STM32F1xx_HAL_Driver/Src/stm32f1xx_hal_uart.c.obj

.debug_str      0x00000000     0x3f29
 .debug_str     0x00000000      0x5f4 CMakeFiles/balanceCar.elf.dir/Core/Src/adc.c.obj
                                0x67f (size before relaxing)
 .debug_str     0x000005f4      0x339 CMakeFiles/balanceCar.elf.dir/Core/Src/dma.c.obj
                                0x51a (size before relaxing)
 .debug_str     0x0000092d       0x6c CMakeFiles/balanceCar.elf.dir/Core/Src/gpio.c.obj
                                0x5b4 (size before relaxing)
 .debug_str     0x00000999      0x4b7 CMakeFiles/balanceCar.elf.dir/Core/Src/main.c.obj
                                0x8be (size before relaxing)
 .debug_str     0x00000e50       0x78 CMakeFiles/balanceCar.elf.dir/Core/Src/stm32f1xx_hal_msp.c.obj
                                0x259 (size before relaxing)
 .debug_str     0x00000ec8      0x444 CMakeFiles/balanceCar.elf.dir/Core/Src/stm32f1xx_it.c.obj
                                0xa02 (size before relaxing)
 .debug_str     0x0000130c       0x9c CMakeFiles/balanceCar.elf.dir/Core/Src/system_stm32f1xx.c.obj
                                0x28e (size before relaxing)
 .debug_str     0x000013a8      0x16e CMakeFiles/balanceCar.elf.dir/Core/Src/tim.c.obj
                                0xb53 (size before relaxing)
 .debug_str     0x00001516       0x99 CMakeFiles/balanceCar.elf.dir/Core/Src/usart.c.obj
                                0xa70 (size before relaxing)
 .debug_str     0x000015af       0x54 CMakeFiles/balanceCar.elf.dir/Core/Startup/startup_stm32f103c8tx.s.obj
                                 0x87 (size before relaxing)
 .debug_str     0x00001603      0x322 CMakeFiles/balanceCar.elf.dir/Drivers/STM32F1xx_HAL_Driver/Src/stm32f1xx_hal.c.obj
                                0x85e (size before relaxing)
 .debug_str     0x00001925      0x356 CMakeFiles/balanceCar.elf.dir/Drivers/STM32F1xx_HAL_Driver/Src/stm32f1xx_hal_adc.c.obj
                                0x90d (size before relaxing)
 .debug_str     0x00001c7b      0x3bc CMakeFiles/balanceCar.elf.dir/Drivers/STM32F1xx_HAL_Driver/Src/stm32f1xx_hal_cortex.c.obj
                                0x90d (size before relaxing)
 .debug_str     0x00002037      0x20f CMakeFiles/balanceCar.elf.dir/Drivers/STM32F1xx_HAL_Driver/Src/stm32f1xx_hal_dma.c.obj
                                0x637 (size before relaxing)
 .debug_str     0x00002246       0xfa CMakeFiles/balanceCar.elf.dir/Drivers/STM32F1xx_HAL_Driver/Src/stm32f1xx_hal_gpio.c.obj
                                0x43a (size before relaxing)
 .debug_str     0x00002340      0x203 CMakeFiles/balanceCar.elf.dir/Drivers/STM32F1xx_HAL_Driver/Src/stm32f1xx_hal_rcc.c.obj
                                0x665 (size before relaxing)
 .debug_str     0x00002543       0xa2 CMakeFiles/balanceCar.elf.dir/Drivers/STM32F1xx_HAL_Driver/Src/stm32f1xx_hal_rcc_ex.c.obj
                                0x40d (size before relaxing)
 .debug_str     0x000025e5      0xe57 CMakeFiles/balanceCar.elf.dir/Drivers/STM32F1xx_HAL_Driver/Src/stm32f1xx_hal_tim.c.obj
                               0x1672 (size before relaxing)
 .debug_str     0x0000343c      0x542 CMakeFiles/balanceCar.elf.dir/Drivers/STM32F1xx_HAL_Driver/Src/stm32f1xx_hal_tim_ex.c.obj
                                0xe73 (size before relaxing)
 .debug_str     0x0000397e      0x5ab CMakeFiles/balanceCar.elf.dir/Drivers/STM32F1xx_HAL_Driver/Src/stm32f1xx_hal_uart.c.obj
                                0xcc8 (size before relaxing)

.comment        0x00000000       0x49
 .comment       0x00000000       0x49 CMakeFiles/balanceCar.elf.dir/Core/Src/adc.c.obj
                                 0x4a (size before relaxing)
 .comment       0x00000049       0x4a CMakeFiles/balanceCar.elf.dir/Core/Src/dma.c.obj
 .comment       0x00000049       0x4a CMakeFiles/balanceCar.elf.dir/Core/Src/gpio.c.obj
 .comment       0x00000049       0x4a CMakeFiles/balanceCar.elf.dir/Core/Src/main.c.obj
 .comment       0x00000049       0x4a CMakeFiles/balanceCar.elf.dir/Core/Src/stm32f1xx_hal_msp.c.obj
 .comment       0x00000049       0x4a CMakeFiles/balanceCar.elf.dir/Core/Src/stm32f1xx_it.c.obj
 .comment       0x00000049       0x4a CMakeFiles/balanceCar.elf.dir/Core/Src/system_stm32f1xx.c.obj
 .comment       0x00000049       0x4a CMakeFiles/balanceCar.elf.dir/Core/Src/tim.c.obj
 .comment       0x00000049       0x4a CMakeFiles/balanceCar.elf.dir/Core/Src/usart.c.obj
 .comment       0x00000049       0x4a CMakeFiles/balanceCar.elf.dir/Drivers/STM32F1xx_HAL_Driver/Src/stm32f1xx_hal.c.obj
 .comment       0x00000049       0x4a CMakeFiles/balanceCar.elf.dir/Drivers/STM32F1xx_HAL_Driver/Src/stm32f1xx_hal_adc.c.obj
 .comment       0x00000049       0x4a CMakeFiles/balanceCar.elf.dir/Drivers/STM32F1xx_HAL_Driver/Src/stm32f1xx_hal_cortex.c.obj
 .comment       0x00000049       0x4a CMakeFiles/balanceCar.elf.dir/Drivers/STM32F1xx_HAL_Driver/Src/stm32f1xx_hal_dma.c.obj
 .comment       0x00000049       0x4a CMakeFiles/balanceCar.elf.dir/Drivers/STM32F1xx_HAL_Driver/Src/stm32f1xx_hal_gpio.c.obj
 .comment       0x00000049       0x4a CMakeFiles/balanceCar.elf.dir/Drivers/STM32F1xx_HAL_Driver/Src/stm32f1xx_hal_rcc.c.obj
 .comment       0x00000049       0x4a CMakeFiles/balanceCar.elf.dir/Drivers/STM32F1xx_HAL_Driver/Src/stm32f1xx_hal_rcc_ex.c.obj
 .comment       0x00000049       0x4a CMakeFiles/balanceCar.elf.dir/Drivers/STM32F1xx_HAL_Driver/Src/stm32f1xx_hal_tim.c.obj
 .comment       0x00000049       0x4a CMakeFiles/balanceCar.elf.dir/Drivers/STM32F1xx_HAL_Driver/Src/stm32f1xx_hal_tim_ex.c.obj
 .comment       0x00000049       0x4a CMakeFiles/balanceCar.elf.dir/Drivers/STM32F1xx_HAL_Driver/Src/stm32f1xx_hal_uart.c.obj

.debug_frame    0x00000000     0x2474
 .debug_frame   0x00000000       0x68 CMakeFiles/balanceCar.elf.dir/Core/Src/adc.c.obj
 .debug_frame   0x00000068       0x2c CMakeFiles/balanceCar.elf.dir/Core/Src/dma.c.obj
 .debug_frame   0x00000094       0x34 CMakeFiles/balanceCar.elf.dir/Core/Src/gpio.c.obj
 .debug_frame   0x000000c8       0x6c CMakeFiles/balanceCar.elf.dir/Core/Src/main.c.obj
 .debug_frame   0x00000134       0x28 CMakeFiles/balanceCar.elf.dir/Core/Src/stm32f1xx_hal_msp.c.obj
 .debug_frame   0x0000015c      0x120 CMakeFiles/balanceCar.elf.dir/Core/Src/stm32f1xx_it.c.obj
 .debug_frame   0x0000027c       0x30 CMakeFiles/balanceCar.elf.dir/Core/Src/system_stm32f1xx.c.obj
 .debug_frame   0x000002ac       0x64 CMakeFiles/balanceCar.elf.dir/Core/Src/tim.c.obj
 .debug_frame   0x00000310       0xac CMakeFiles/balanceCar.elf.dir/Core/Src/usart.c.obj
 .debug_frame   0x000003bc      0x1cc CMakeFiles/balanceCar.elf.dir/Drivers/STM32F1xx_HAL_Driver/Src/stm32f1xx_hal.c.obj
 .debug_frame   0x00000588      0x2c4 CMakeFiles/balanceCar.elf.dir/Drivers/STM32F1xx_HAL_Driver/Src/stm32f1xx_hal_adc.c.obj
 .debug_frame   0x0000084c      0x118 CMakeFiles/balanceCar.elf.dir/Drivers/STM32F1xx_HAL_Driver/Src/stm32f1xx_hal_cortex.c.obj
 .debug_frame   0x00000964      0x144 CMakeFiles/balanceCar.elf.dir/Drivers/STM32F1xx_HAL_Driver/Src/stm32f1xx_hal_dma.c.obj
 .debug_frame   0x00000aa8       0xe4 CMakeFiles/balanceCar.elf.dir/Drivers/STM32F1xx_HAL_Driver/Src/stm32f1xx_hal_gpio.c.obj
 .debug_frame   0x00000b8c      0x190 CMakeFiles/balanceCar.elf.dir/Drivers/STM32F1xx_HAL_Driver/Src/stm32f1xx_hal_rcc.c.obj
 .debug_frame   0x00000d1c       0x64 CMakeFiles/balanceCar.elf.dir/Drivers/STM32F1xx_HAL_Driver/Src/stm32f1xx_hal_rcc_ex.c.obj
 .debug_frame   0x00000d80      0xb18 CMakeFiles/balanceCar.elf.dir/Drivers/STM32F1xx_HAL_Driver/Src/stm32f1xx_hal_tim.c.obj
 .debug_frame   0x00001898      0x40c CMakeFiles/balanceCar.elf.dir/Drivers/STM32F1xx_HAL_Driver/Src/stm32f1xx_hal_tim_ex.c.obj
 .debug_frame   0x00001ca4      0x5c4 CMakeFiles/balanceCar.elf.dir/Drivers/STM32F1xx_HAL_Driver/Src/stm32f1xx_hal_uart.c.obj
 .debug_frame   0x00002268       0x2c c:/progra~2/gnuarm~1/102021~1.10/bin/../lib/gcc/arm-none-eabi/10.3.1/../../../../arm-none-eabi/lib/thumb/v7-m/nofp\libg.a(lib_a-init.o)
 .debug_frame   0x00002294       0x2c c:/progra~2/gnuarm~1/102021~1.10/bin/../lib/gcc/arm-none-eabi/10.3.1/../../../../arm-none-eabi/lib/thumb/v7-m/nofp\libg.a(lib_a-memset.o)
 .debug_frame   0x000022c0       0x20 c:/progra~2/gnuarm~1/102021~1.10/bin/../lib/gcc/arm-none-eabi/10.3.1/../../../../arm-none-eabi/lib/thumb/v7-m/nofp\libg.a(lib_a-strlen-stub.o)
 .debug_frame   0x000022e0       0x5c c:/progra~2/gnuarm~1/102021~1.10/bin/../lib/gcc/arm-none-eabi/10.3.1/../../../../arm-none-eabi/lib/thumb/v7-m/nofp\libg.a(lib_a-__call_atexit.o)
 .debug_frame   0x0000233c       0x20 c:/progra~2/gnuarm~1/102021~1.10/bin/../lib/gcc/arm-none-eabi/10.3.1/../../../../arm-none-eabi/lib/thumb/v7-m/nofp\libg.a(lib_a-atexit.o)
 .debug_frame   0x0000235c       0x34 c:/progra~2/gnuarm~1/102021~1.10/bin/../lib/gcc/arm-none-eabi/10.3.1/../../../../arm-none-eabi/lib/thumb/v7-m/nofp\libg.a(lib_a-fini.o)
 .debug_frame   0x00002390       0xb0 c:/progra~2/gnuarm~1/102021~1.10/bin/../lib/gcc/arm-none-eabi/10.3.1/../../../../arm-none-eabi/lib/thumb/v7-m/nofp\libg.a(lib_a-lock.o)
 .debug_frame   0x00002440       0x34 c:/progra~2/gnuarm~1/102021~1.10/bin/../lib/gcc/arm-none-eabi/10.3.1/../../../../arm-none-eabi/lib/thumb/v7-m/nofp\libg.a(lib_a-__atexit.o)
